[2026-08-28 20:50:37] [0;34m========================================[0m
[2026-08-28 20:50:37] [0;34mPBFT-Enhanced Performance Test[0m
[2026-08-28 20:50:37] [0;34m========================================[0m
[2026-08-28 20:50:37] Nodes: 16
[2026-08-28 20:50:37] Transaction Threshold: 200
[2026-08-28 20:50:37] JMeter Threads: 1000
[2026-08-28 20:50:37] Test Duration: 300s
[2026-08-28 20:50:37] [0;34m========================================[0m

[2026-08-28 20:50:37] [0;34mStep 1: Starting blockchain (using start.sh)...[0m
[0;34m========================================[0m
[0;34mStarting PBFT-Enhanced Blockchain[0m
[0;34m========================================[0m

[0;34mStep 1: Building Docker images...[0m
[0;32m✓ Docker images built[0m

[0;34mStep 2: Generating configuration...[0m
  Nodes: 16
  Transaction Threshold: 200
  Faulty Nodes: 6
  CPU Limit: 0.60
  Default TTL: 6
[LOG] 3,4,12,10,8,14,9,2,5,1,6,7,0,11,13,15 3,4,8,14,5,1
[LOG] Healthy subset indices: SUBSET4
[LOG] Subset PBFT nodes: 5004,5005,5013,5011
[LOG] Subset PBFT nodes: 5009,5015,5010,5003
[LOG] Subset PBFT nodes: 5006,5002,5007,5008
[LOG] Subset PBFT nodes: 5001,5012,5014,5016
[0;32m✓ Configuration generated[0m

[0;34mStep 3: Deploying to Kubernetes...[0m
[2026-08-28 20:50:37] Deleting existing Kubernetes resources...
Warning: Immediate deletion does not wait for confirmation that the running resource has been terminated. The resource may continue to run on the cluster indefinitely.
[2026-08-28 20:50:42] Applying Kubernetes configuration (batched)...
  batch 0: 2 docs → batch-000.yml
  batch 1: 32 docs → batch-001.yml
[2026-08-28 20:50:42] Applying batch-000.yml...
  waiting 15s before next batch...
[2026-08-28 20:50:58] Applying batch-001.yml...
  Applied 34 resources across 2 batches
[0;32m✓ Deployed to Kubernetes[0m

[2026-08-28 20:50:58] Kubernetes deployment complete
[0;34mStep 4: Waiting for pods to be ready...[0m
[2026-08-28 20:50:58] Waiting for all 17 pods to be Running...
  Waiting... 2s — Running: 1/17 (5%) | Pending=0 Creating=0NAME            READY   STATUS    RESTARTS   AGE
core-server     1/1     Running   0          18s
p2p-server-0    0/1     Running   0          3s
p2p-server-1    0/1     Running   0          3s
p2p-server-10   0/1     Running   0          3s
p2p-server-11   0/1     Running   0          3s
p2p-server-12   0/1     Running   0          3s
p2p-server-13   0/1     Running   0          3s
p2p-server-14   0/1     Running   0          3s
p2p-server-15   0/1     Running   0          3s
p2p-server-2    0/1     Running   0          3s
p2p-server-3    0/1     Running   0          3s
p2p-server-4    0/1     Running   0          3s
p2p-server-5    0/1     Running   0          3s
p2p-server-6    0/1     Running   0          3s
p2p-server-7    0/1     Running   0          3s
p2p-server-8    0/1     Running   0          3s
p2p-server-9    0/1     Running   0          3s
[0;32mAll 17/17 pods running[0m

[2026-08-28 20:51:01] All 17 pods ready
[0;32mStep 5: Skipping port forwarding (hostNetwork mode)[0m

[0;34m========================================[0m
[0;32mBlockchain is running![0m
[0;34m========================================[0m
Diagnostic log streaming to server.log (core + healthy shard + dead shard)

  Pods: core-server p2p-server-0 p2p-server-11 p2p-server-13 p2p-server-1 p2p-server-5 p2p-server-6

[2026-08-28 20:51:01] [0;32m✓ Blockchain deployed and ready[0m

[2026-08-28 20:51:01] [0;34mStep 2: Waiting for all nodes to be ready...[0m
[2026-08-28 20:51:12] [Health] Ready: 0/16 (0%) | Need: all 16 | 10s
[2026-08-28 20:51:13] [0;32m✓ All 16/16 nodes are ready (100%)[0m

[2026-08-28 20:51:13] [0;34mSetting up socat forwarders (multi-EC2 hostNetwork bridge)...[0m
[2026-08-28 20:51:18]   [0;32m✓ 16/16 socat forwarders active[0m
[2026-08-28 20:51:18] Skipping port-forwards (hostNetwork mode — pods bind directly to host ports)
[2026-08-28 20:51:19] Diagnostic log streaming: core-server p2p-server-0 p2p-server-11 p2p-server-13 p2p-server-1 p2p-server-5 p2p-server-6
[2026-08-28 20:51:19] [0;34mStep 3: Running JMeter performance test...[0m
[2026-08-28 20:51:19]   Duration: 300s (active load: 300s + ramp-down: 0s)
[2026-08-28 20:51:19]   Threads: 1000
[2026-08-28 20:51:19]   Ramp-up: 5s
[2026-08-28 20:51:19]   Ramp-down: 0s

WARN StatusConsoleListener The use of package scanning to locate plugins is deprecated and will be removed in a future release
WARN StatusConsoleListener The use of package scanning to locate plugins is deprecated and will be removed in a future release
WARN StatusConsoleListener The use of package scanning to locate plugins is deprecated and will be removed in a future release
WARN StatusConsoleListener The use of package scanning to locate plugins is deprecated and will be removed in a future release
Aug 28, 2026 8:51:21 PM java.util.prefs.FileSystemPreferences$1 run
INFO: Created user preferences directory.
Creating summariser <summary>
Created the tree successfully using Test Plan.jmx
Starting standalone test @ 2026 Aug 28 20:51:22 UTC (1787950282155)
Waiting for possible Shutdown/StopTestNow/HeapDump/ThreadDump message on port 4445
summary +   2059 in 00:00:08 =  265.1/s Avg:   966 Min:     1 Max:  5622 Err:     0 (0.00%) Active: 1000 Started: 1000 Finished: 0
summary +   7925 in 00:00:30 =  264.2/s Avg:  3043 Min:     1 Max: 11043 Err:  1546 (19.51%) Active: 1000 Started: 1000 Finished: 0
summary =   9984 in 00:00:38 =  264.4/s Avg:  2615 Min:     1 Max: 11043 Err:  1546 (15.48%)
summary +   7895 in 00:00:30 =  263.1/s Avg:  3130 Min:     1 Max: 11017 Err:  2443 (30.94%) Active: 1000 Started: 1000 Finished: 0
summary =  17879 in 00:01:08 =  263.8/s Avg:  2842 Min:     1 Max: 11043 Err:  3989 (22.31%)
summary +   7893 in 00:00:30 =  263.2/s Avg:  3153 Min:     1 Max: 11016 Err:  2466 (31.24%) Active: 1000 Started: 1000 Finished: 0
summary =  25772 in 00:01:38 =  263.6/s Avg:  2937 Min:     1 Max: 11043 Err:  6455 (25.05%)
summary +   7840 in 00:00:30 =  261.2/s Avg:  3143 Min:     1 Max: 11066 Err:  2419 (30.85%) Active: 1000 Started: 1000 Finished: 0
summary =  33612 in 00:02:08 =  263.0/s Avg:  2985 Min:     1 Max: 11066 Err:  8874 (26.40%)
summary +   7364 in 00:00:30 =  245.5/s Avg:  3453 Min:     1 Max: 11058 Err:  2485 (33.75%) Active: 1000 Started: 1000 Finished: 0
summary =  40976 in 00:02:38 =  259.7/s Avg:  3069 Min:     1 Max: 11066 Err: 11359 (27.72%)
summary +   7064 in 00:00:30 =  235.3/s Avg:  3612 Min:     1 Max: 11089 Err:  2504 (35.45%) Active: 1000 Started: 1000 Finished: 0
summary =  48040 in 00:03:08 =  255.8/s Avg:  3149 Min:     1 Max: 11089 Err: 13863 (28.86%)
summary +   7960 in 00:00:30 =  265.7/s Avg:  3154 Min:     1 Max: 11069 Err:  2391 (30.04%) Active: 1000 Started: 1000 Finished: 0
summary =  56000 in 00:03:38 =  257.2/s Avg:  3150 Min:     1 Max: 11089 Err: 16254 (29.03%)
summary +   7911 in 00:00:30 =  263.7/s Avg:  3197 Min:     1 Max: 10050 Err:  2339 (29.57%) Active: 1000 Started: 1000 Finished: 0
summary =  63911 in 00:04:08 =  258.0/s Avg:  3156 Min:     1 Max: 11089 Err: 18593 (29.09%)
summary +   7679 in 00:00:30 =  255.6/s Avg:  3207 Min:     1 Max: 11058 Err:  2295 (29.89%) Active: 1000 Started: 1000 Finished: 0
summary =  71590 in 00:04:38 =  257.7/s Avg:  3161 Min:     1 Max: 11089 Err: 20888 (29.18%)
summary +   6875 in 00:00:27 =  256.5/s Avg:  3625 Min:     1 Max: 11069 Err:  2040 (29.67%) Active: 0 Started: 1000 Finished: 1000
summary =  78465 in 00:05:05 =  257.6/s Avg:  3202 Min:     1 Max: 11089 Err: 22928 (29.22%)
Tidying up ...    @ 2026 Aug 28 20:56:26 UTC (1787950586848)
... end of run
[2026-08-28 20:56:32] [0;32m✓ JMeter test completed[0m
[2026-08-28 20:56:32] Intermediate JMeter stats saved: pbft-enhanced-20260828_205037-partial.csv

[2026-08-28 20:56:32] [0;34mWaiting for transaction pool to drain...[0m
[2026-08-28 20:56:32] Drain timeout: 90s (nodes=16, broken_shards=0)
  Drain wait 5s — unassigned: 16000  Drain wait 10s — unassigned: 16000  Drain wait 15s — unassigned: 16000  Drain wait 20s — unassigned: 16000  Drain wait 25s — unassigned: 16000  Drain wait 30s — unassigned: 16000  Drain wait 35s — unassigned: 16000
[2026-08-28 20:57:09] [1;33mPool stalled at 16000 unassigned (not decreasing for 30s) — stopping drain wait[0m
[2026-08-28 20:57:09] [0;34mStep 4: Collecting blockchain statistics...[0m
[2026-08-28 20:57:09] [0;32m✓ Statistics collected[0m

[2026-08-28 20:57:09] [0;34mStep 5: Parsing JMeter results...[0m
[2026-08-28 20:57:09] [0;32m✓ Results parsed[0m

[2026-08-28 20:57:09] [0;34m========================================[0m
[2026-08-28 20:57:09] [0;34mPerformance Test Complete![0m
[2026-08-28 20:57:09] [0;34m========================================[0m
[2026-08-28 20:57:09] Results saved to:
[2026-08-28 20:57:09]   - Summary: performance-results/pbft-enhanced-20260828_205037-summary.txt
[2026-08-28 20:57:09]   - Stats: performance-results/pbft-enhanced-20260828_205037-stats.csv
[2026-08-28 20:57:09]   - Raw data: performance-results/pbft-enhanced-20260828_205037.jtl
[2026-08-28 20:57:09]   - HTML Report: performance-results/pbft-enhanced-20260828_205037-report/index.html

[2026-08-28 20:57:09] [0;32mQuick Stats:[0m
Metric,Value
Total Samples,78465
Average Response Time (ms),3202
Success Rate (%),70.77
Throughput (req/s),261.55
Transactions Fired by Test,78465
Total Blocks Created,135
Transactions in Blocks,24482
Verification Transactions in Blocks,0
Unassigned Transactions,4000
Verification Unassigned Transactions,0
Drain Rate (%),31.20
Avg Transactions per Block,181.34
Total Test Elapsed (s),349
Blockchain TX Rate (tx/s),70.14
Effective TX Rate (tx/s),21.88
Per-Shard TX Rate (tx/s),17.53
Median Round Time (ms),199.2
Number of Nodes Used,16
Nodes Per Shard,4
Faulty Nodes,6
Nodes Responded,4
[2026-08-28 20:57:09] [0;34m========================================[0m
[2026-08-28 20:57:09] 
[1;33mCleaning up...[0m
[2026-08-28 20:57:09] Pod states at cleanup:
     17 Running
[2026-08-28 20:57:10] Pod log harvest saved: performance-results/pod-logs-harvest-20260828_205037.txt
[2026-08-28 20:57:10] Deleting Kubernetes resources...
Warning: Immediate deletion does not wait for confirmation that the running resource has been terminated. The resource may continue to run on the cluster indefinitely.
pod "p2p-server-0" force deleted from default namespace
service "p2p-server-0" force deleted from default namespace
pod "p2p-server-1" force deleted from default namespace
service "p2p-server-1" force deleted from default namespace
pod "p2p-server-2" force deleted from default namespace
service "p2p-server-2" force deleted from default namespace
pod "p2p-server-3" force deleted from default namespace
service "p2p-server-3" force deleted from default namespace
pod "p2p-server-4" force deleted from default namespace
service "p2p-server-4" force deleted from default namespace
pod "p2p-server-5" force deleted from default namespace
service "p2p-server-5" force deleted from default namespace
pod "p2p-server-6" force deleted from default namespace
service "p2p-server-6" force deleted from default namespace
pod "p2p-server-7" force deleted from default namespace
service "p2p-server-7" force deleted from default namespace
pod "p2p-server-8" force deleted from default namespace
service "p2p-server-8" force deleted from default namespace
pod "p2p-server-9" force deleted from default namespace
service "p2p-server-9" force deleted from default namespace
pod "p2p-server-10" force deleted from default namespace
service "p2p-server-10" force deleted from default namespace
pod "p2p-server-11" force deleted from default namespace
service "p2p-server-11" force deleted from default namespace
pod "p2p-server-12" force deleted from default namespace
service "p2p-server-12" force deleted from default namespace
pod "p2p-server-13" force deleted from default namespace
service "p2p-server-13" force deleted from default namespace
pod "p2p-server-14" force deleted from default namespace
service "p2p-server-14" force deleted from default namespace
pod "p2p-server-15" force deleted from default namespace
service "p2p-server-15" force deleted from default namespace
pod "core-server" force deleted from default namespace
service "core-server" force deleted from default namespace
[2026-08-28 20:57:16] Waiting for pods to fully terminate...
[2026-08-28 20:57:16] [0;32m✓ All blockchain pods removed[0m
[2026-08-28 20:57:16] [0;32mCleanup complete[0m
